./../uvm2026/dut_protected/01/arbiter/arbiter_round_robin.svp
./../uvm2026/dut_protected/01/arbiter/arbiter_target.svp
./../uvm2026/dut_protected/01/arbiter/arbiter_prior.svp
./../uvm2026/dut_protected/01/arbiter/arbiter.svp
./../uvm2026/dut_protected/01/core/core_regs.svp
./../uvm2026/dut_protected/01/core/ecc_module.svp
./../uvm2026/dut_protected/01/core/parser_module.svp
./../uvm2026/dut_protected/01/core/op_proc_module.svp
./../uvm2026/dut_protected/01/core/core.svp
./../uvm2026/dut_protected/01/fifo/fifo_in.svp
./../uvm2026/dut_protected/01/fifo/fifo_out.svp

./../uvm2026/dut_protected/01/csr.svp
./../uvm2026/dut_protected/01/irc.svp
./../uvm2026/dut_protected/01/axi_stream_decoder_top.svp

+incdir+./../uvm2026/tb
+incdir+./../uvm2026/tb/test
+incdir+./../uvm2026/tb/clk_vc
+incdir+./../uvm2026/tb/rst_vc
+incdir+./../uvm2026/tb/irq_vc
+incdir+./../uvm2026/tb/axis_vc
+incdir+./../uvm2026/tb/axis_vc/axis_slave_vc
+incdir+./../uvm2026/tb/axis_vc/axis_master_vc
+incdir+./../uvm2026/tb/apb_master_vc
+incdir+./../uvm2026/tb/tracers
./../uvm2026/tb/apb_master_vc/apb_master_pkg.sv
./../uvm2026/tb/axis_vc/axi_stream_pkg.sv
./../uvm2026/tb/test/axis_decoder_test_pkg.svp
./../uvm2026/tb/axis_decoder_pkg.sv
./../uvm2026/tb/axis_decoder_tb_top.sv
